// Jest Snapshot v1, https://goo.gl/fbAQLP

exports[`should create NotFoundPage snapshot 1`] = `
<div>
  Dashboard page
</div>
`;
